
=== tcn_r1_g00 ===
model: 151,632 parameters | RF 509 samples (254.5 ms) | device cuda
structure checks: zero-input output = 0.000e+00 (must be 0), future leak = 0.000e+00 (must be 0)
epoch   1/120  loss 290.5834  mse 288.9565  val RMSE 11.730 um  (G01 9.767)  14.9s
epoch   2/120  loss 62.2322  mse 60.9921  val RMSE 8.197 um  (G01 7.607)  14.5s
epoch   3/120  loss 31.7648  mse 30.5761  val RMSE 6.792 um  (G01 6.529)  14.7s
epoch   4/120  loss 20.3545  mse 19.2450  val RMSE 5.788 um  (G01 5.383)  14.5s
epoch   5/120  loss 14.1108  mse 13.0457  val RMSE 6.316 um  (G01 5.872)  14.7s
epoch   6/120  loss 10.0465  mse 9.0322  val RMSE 4.790 um  (G01 4.281)  14.6s
epoch   7/120  loss 8.7648  mse 7.7760  val RMSE 4.706 um  (G01 4.053)  14.0s
epoch   8/120  loss 7.3451  mse 6.3694  val RMSE 4.276 um  (G01 3.776)  14.1s
epoch   9/120  loss 6.3649  mse 5.4148  val RMSE 4.263 um  (G01 3.578)  14.2s
epoch  10/120  loss 5.6854  mse 4.7459  val RMSE 3.937 um  (G01 3.026)  14.3s
epoch  11/120  loss 5.0064  mse 4.0885  val RMSE 3.790 um  (G01 3.279)  14.1s
epoch  12/120  loss 4.6964  mse 3.7962  val RMSE 3.730 um  (G01 2.766)  14.2s
epoch  13/120  loss 4.9123  mse 3.9997  val RMSE 4.975 um  (G01 4.206)  14.1s
epoch  14/120  loss 4.1487  mse 3.2424  val RMSE 3.528 um  (G01 2.602)  14.0s
epoch  15/120  loss 4.0111  mse 3.1091  val RMSE 3.561 um  (G01 2.572)  14.3s
epoch  16/120  loss 4.0796  mse 3.1833  val RMSE 3.673 um  (G01 2.656)  14.3s
epoch  17/120  loss 4.2333  mse 3.3467  val RMSE 3.381 um  (G01 2.763)  14.3s
epoch  18/120  loss 3.8972  mse 2.9945  val RMSE 3.142 um  (G01 2.152)  14.3s
epoch  19/120  loss 3.5484  mse 2.6593  val RMSE 3.015 um  (G01 2.040)  14.3s
epoch  20/120  loss 3.3980  mse 2.5137  val RMSE 3.105 um  (G01 2.200)  14.2s
epoch  21/120  loss 3.7516  mse 2.8719  val RMSE 2.746 um  (G01 1.648)  14.2s
epoch  22/120  loss 3.2978  mse 2.4346  val RMSE 3.145 um  (G01 2.018)  14.3s
epoch  23/120  loss 3.4125  mse 2.5353  val RMSE 3.040 um  (G01 1.913)  14.4s
epoch  24/120  loss 3.5203  mse 2.6168  val RMSE 3.119 um  (G01 1.983)  14.2s
epoch  25/120  loss 3.7273  mse 2.8333  val RMSE 2.926 um  (G01 1.755)  14.3s
epoch  26/120  loss 3.2982  mse 2.4073  val RMSE 3.045 um  (G01 1.840)  14.4s
epoch  27/120  loss 3.3051  mse 2.4208  val RMSE 2.826 um  (G01 1.620)  14.4s
epoch  28/120  loss 3.1366  mse 2.2624  val RMSE 2.673 um  (G01 1.813)  14.2s
epoch  29/120  loss 2.9123  mse 2.0548  val RMSE 3.004 um  (G01 1.694)  14.3s
epoch  30/120  loss 3.4546  mse 2.5566  val RMSE 2.664 um  (G01 1.673)  14.2s
epoch  31/120  loss 3.1425  mse 2.2874  val RMSE 2.764 um  (G01 1.652)  14.3s
epoch  32/120  loss 3.5084  mse 2.6261  val RMSE 3.260 um  (G01 2.482)  14.2s
epoch  33/120  loss 3.1346  mse 2.2609  val RMSE 2.903 um  (G01 1.606)  14.3s
epoch  34/120  loss 3.2582  mse 2.3695  val RMSE 2.917 um  (G01 1.676)  14.2s
epoch  35/120  loss 3.1085  mse 2.2384  val RMSE 2.829 um  (G01 1.769)  14.1s
epoch  36/120  loss 3.3920  mse 2.4861  val RMSE 2.774 um  (G01 1.497)  14.2s
epoch  37/120  loss 2.8883  mse 2.0091  val RMSE 2.687 um  (G01 1.527)  14.2s
epoch  38/120  loss 2.7682  mse 1.8922  val RMSE 2.937 um  (G01 1.758)  14.2s
epoch  39/120  loss 2.5370  mse 1.6792  val RMSE 2.588 um  (G01 1.341)  14.2s
epoch  40/120  loss 2.7534  mse 1.8926  val RMSE 3.041 um  (G01 1.875)  14.3s
epoch  41/120  loss 2.3887  mse 1.5439  val RMSE 2.968 um  (G01 1.844)  14.2s
epoch  42/120  loss 2.5125  mse 1.6342  val RMSE 2.863 um  (G01 1.653)  14.1s
epoch  43/120  loss 2.4530  mse 1.6043  val RMSE 2.554 um  (G01 1.404)  14.4s
epoch  44/120  loss 3.8291  mse 2.8670  val RMSE 2.524 um  (G01 1.346)  14.0s
epoch  45/120  loss 3.1368  mse 2.2347  val RMSE 2.726 um  (G01 1.551)  14.0s
epoch  46/120  loss 2.4165  mse 1.5445  val RMSE 2.450 um  (G01 1.329)  14.0s
epoch  47/120  loss 2.5120  mse 1.6304  val RMSE 3.409 um  (G01 2.422)  13.9s
epoch  48/120  loss 2.8254  mse 1.9310  val RMSE 2.509 um  (G01 1.201)  14.1s
epoch  49/120  loss 2.3983  mse 1.5485  val RMSE 2.633 um  (G01 1.287)  14.0s
epoch  50/120  loss 2.7350  mse 1.8501  val RMSE 3.089 um  (G01 2.220)  14.0s
epoch  51/120  loss 2.4483  mse 1.5504  val RMSE 2.580 um  (G01 1.317)  14.1s
epoch  52/120  loss 2.1136  mse 1.2769  val RMSE 2.507 um  (G01 1.297)  14.0s
epoch  53/120  loss 2.6022  mse 1.6995  val RMSE 2.650 um  (G01 1.291)  14.0s
epoch  54/120  loss 2.0683  mse 1.2109  val RMSE 2.533 um  (G01 1.245)  14.1s
epoch  55/120  loss 1.9902  mse 1.1207  val RMSE 2.582 um  (G01 1.225)  14.1s
epoch  56/120  loss 2.3057  mse 1.4224  val RMSE 2.672 um  (G01 1.532)  14.1s
epoch  57/120  loss 2.5367  mse 1.6004  val RMSE 3.282 um  (G01 1.987)  13.9s
epoch  58/120  loss 1.9877  mse 1.1120  val RMSE 2.606 um  (G01 1.186)  14.2s
epoch  59/120  loss 2.0911  mse 1.2241  val RMSE 2.430 um  (G01 1.177)  14.0s
epoch  60/120  loss 3.0785  mse 2.1106  val RMSE 2.473 um  (G01 1.023)  14.0s
epoch  61/120  loss 2.7780  mse 1.8540  val RMSE 2.607 um  (G01 1.085)  14.0s
epoch  62/120  loss 2.5178  mse 1.5767  val RMSE 3.455 um  (G01 2.244)  14.1s
epoch  63/120  loss 2.9847  mse 1.9897  val RMSE 2.566 um  (G01 1.193)  14.0s
epoch  64/120  loss 2.1936  mse 1.3024  val RMSE 2.926 um  (G01 1.723)  13.9s
epoch  65/120  loss 2.2740  mse 1.3500  val RMSE 3.000 um  (G01 1.772)  14.0s
epoch  66/120  loss 2.1276  mse 1.1937  val RMSE 2.857 um  (G01 1.829)  14.0s
epoch  67/120  loss 2.6480  mse 1.6815  val RMSE 2.588 um  (G01 1.404)  14.0s
epoch  68/120  loss 2.7210  mse 1.7345  val RMSE 3.309 um  (G01 2.388)  14.1s
epoch  69/120  loss 5.2808  mse 4.1847  val RMSE 5.665 um  (G01 5.216)  14.0s
epoch  70/120  loss 3.7194  mse 2.6597  val RMSE 3.285 um  (G01 2.526)  14.0s
epoch  71/120  loss 7.1226  mse 5.9916  val RMSE 2.893 um  (G01 2.026)  14.0s
epoch  72/120  loss 2.5316  mse 1.5229  val RMSE 2.780 um  (G01 1.723)  14.0s
epoch  73/120  loss 2.4790  mse 1.4867  val RMSE 2.480 um  (G01 1.436)  13.9s
epoch  74/120  loss 3.8386  mse 2.7645  val RMSE 2.644 um  (G01 1.590)  14.1s
epoch  75/120  loss 2.7570  mse 1.7416  val RMSE 3.404 um  (G01 2.797)  14.0s
epoch  76/120  loss 2.6314  mse 1.6478  val RMSE 2.566 um  (G01 1.249)  14.0s
epoch  77/120  loss 2.1552  mse 1.2534  val RMSE 2.695 um  (G01 1.540)  14.0s
epoch  78/120  loss 2.1446  mse 1.2078  val RMSE 2.185 um  (G01 0.884)  14.1s
epoch  79/120  loss 1.7414  mse 0.8630  val RMSE 2.116 um  (G01 0.848)  14.1s
epoch  80/120  loss 3.1290  mse 2.0583  val RMSE 2.584 um  (G01 1.466)  14.0s
epoch  81/120  loss 2.4775  mse 1.4418  val RMSE 2.170 um  (G01 0.915)  14.0s
epoch  82/120  loss 2.2406  mse 1.2078  val RMSE 2.293 um  (G01 1.098)  14.1s
epoch  83/120  loss 1.7563  mse 0.7963  val RMSE 2.090 um  (G01 0.693)  14.0s
epoch  84/120  loss 1.7557  mse 0.8065  val RMSE 2.275 um  (G01 1.042)  13.9s
epoch  85/120  loss 1.9101  mse 0.8806  val RMSE 2.226 um  (G01 0.899)  14.1s
epoch  86/120  loss 2.1146  mse 1.0484  val RMSE 2.669 um  (G01 1.627)  13.9s
epoch  87/120  loss 2.8130  mse 1.6514  val RMSE 2.348 um  (G01 1.244)  14.1s
epoch  88/120  loss 2.3863  mse 1.3243  val RMSE 2.190 um  (G01 0.824)  14.1s
epoch  89/120  loss 2.0628  mse 1.0232  val RMSE 2.667 um  (G01 1.713)  14.1s
epoch  90/120  loss 2.2811  mse 1.2434  val RMSE 2.607 um  (G01 1.421)  14.0s
epoch  91/120  loss 3.8830  mse 2.6295  val RMSE 3.584 um  (G01 2.574)  14.0s
epoch  92/120  loss 4.5118  mse 3.2764  val RMSE 2.324 um  (G01 1.044)  14.1s
epoch  93/120  loss 2.4537  mse 1.3030  val RMSE 2.472 um  (G01 1.433)  14.1s
epoch  94/120  loss 2.2067  mse 1.0359  val RMSE 2.332 um  (G01 1.149)  14.2s
epoch  95/120  loss 2.7994  mse 1.5672  val RMSE 2.706 um  (G01 1.768)  14.0s
epoch  96/120  loss 2.7423  mse 1.5153  val RMSE 2.969 um  (G01 2.050)  13.8s
epoch  97/120  loss 1.8491  mse 0.7887  val RMSE 2.332 um  (G01 1.060)  14.1s
epoch  98/120  loss 1.3892  mse 0.4613  val RMSE 2.242 um  (G01 0.803)  14.0s
epoch  99/120  loss 1.4474  mse 0.4358  val RMSE 2.240 um  (G01 0.953)  14.0s
epoch 100/120  loss 1.6417  mse 0.5700  val RMSE 2.212 um  (G01 0.784)  14.0s
epoch 101/120  loss 1.5649  mse 0.4695  val RMSE 2.322 um  (G01 1.171)  14.1s
epoch 102/120  loss 1.4715  mse 0.4190  val RMSE 2.206 um  (G01 0.750)  14.0s
epoch 103/120  loss 1.3791  mse 0.3911  val RMSE 2.226 um  (G01 0.922)  14.0s
epoch 104/120  loss 1.2908  mse 0.2939  val RMSE 2.129 um  (G01 0.642)  14.0s
epoch 105/120  loss 1.3940  mse 0.3503  val RMSE 2.214 um  (G01 0.833)  13.9s
epoch 106/120  loss 1.3918  mse 0.3376  val RMSE 2.146 um  (G01 0.633)  14.0s
epoch 107/120  loss 1.3372  mse 0.2815  val RMSE 2.172 um  (G01 0.725)  14.0s
epoch 108/120  loss 1.3518  mse 0.2858  val RMSE 2.150 um  (G01 0.662)  13.9s
epoch 109/120  loss 1.3188  mse 0.2692  val RMSE 2.119 um  (G01 0.592)  14.0s
epoch 110/120  loss 1.3480  mse 0.2584  val RMSE 2.115 um  (G01 0.644)  14.0s
epoch 111/120  loss 1.3105  mse 0.2566  val RMSE 2.118 um  (G01 0.604)  14.1s
epoch 112/120  loss 1.2881  mse 0.2338  val RMSE 2.096 um  (G01 0.566)  14.0s
epoch 113/120  loss 1.2542  mse 0.2102  val RMSE 2.110 um  (G01 0.609)  14.0s
epoch 114/120  loss 1.3177  mse 0.2566  val RMSE 2.097 um  (G01 0.575)  13.9s
epoch 115/120  loss 1.2618  mse 0.1961  val RMSE 2.111 um  (G01 0.617)  14.0s
epoch 116/120  loss 1.2685  mse 0.1963  val RMSE 2.094 um  (G01 0.574)  14.0s
epoch 117/120  loss 1.2981  mse 0.2193  val RMSE 2.096 um  (G01 0.568)  14.0s
epoch 118/120  loss 1.2846  mse 0.2289  val RMSE 2.096 um  (G01 0.554)  14.1s
epoch 119/120  loss 1.2537  mse 0.1959  val RMSE 2.095 um  (G01 0.560)  14.1s
epoch 120/120  loss 1.2694  mse 0.2151  val RMSE 2.096 um  (G01 0.560)  14.2s
