
=== tcn_r1 ===
model: 151,632 parameters | RF 509 samples (254.5 ms) | device cuda
structure checks: zero-input output = 0.000e+00 (must be 0), future leak = 0.000e+00 (must be 0)
epoch   1/120  loss 292.8805  mse 291.2461  val RMSE 12.192 um  (G01 10.430)  14.4s
epoch   2/120  loss 64.9340  mse 63.6886  val RMSE 9.592 um  (G01 8.541)  14.0s
epoch   3/120  loss 33.7684  mse 32.5778  val RMSE 7.516 um  (G01 6.834)  14.2s
epoch   4/120  loss 21.1694  mse 20.0529  val RMSE 6.958 um  (G01 6.245)  13.9s
epoch   5/120  loss 15.5527  mse 14.4601  val RMSE 6.345 um  (G01 5.845)  14.1s
epoch   6/120  loss 11.2897  mse 10.2501  val RMSE 5.738 um  (G01 5.374)  14.0s
epoch   7/120  loss 9.8583  mse 8.8412  val RMSE 5.205 um  (G01 4.665)  13.8s
epoch   8/120  loss 8.4648  mse 7.4649  val RMSE 5.212 um  (G01 4.658)  13.9s
epoch   9/120  loss 7.0651  mse 6.0916  val RMSE 4.690 um  (G01 4.085)  14.0s
epoch  10/120  loss 6.1051  mse 5.1498  val RMSE 4.185 um  (G01 3.367)  14.1s
epoch  11/120  loss 5.4949  mse 4.5577  val RMSE 3.489 um  (G01 2.726)  14.0s
epoch  12/120  loss 5.5048  mse 4.5623  val RMSE 3.810 um  (G01 2.716)  14.0s
epoch  13/120  loss 5.3987  mse 4.4526  val RMSE 3.808 um  (G01 2.879)  14.0s
epoch  14/120  loss 4.5779  mse 3.6566  val RMSE 3.940 um  (G01 2.673)  13.9s
epoch  15/120  loss 5.0058  mse 4.0740  val RMSE 3.247 um  (G01 2.407)  14.1s
epoch  16/120  loss 4.6636  mse 3.7579  val RMSE 4.362 um  (G01 3.176)  14.1s
epoch  17/120  loss 4.5741  mse 3.6788  val RMSE 3.505 um  (G01 2.516)  14.2s
epoch  18/120  loss 4.2885  mse 3.3888  val RMSE 3.778 um  (G01 2.412)  14.1s
epoch  19/120  loss 3.6920  mse 2.8098  val RMSE 2.942 um  (G01 1.726)  14.0s
epoch  20/120  loss 3.5737  mse 2.7050  val RMSE 3.846 um  (G01 2.548)  13.9s
epoch  21/120  loss 3.5735  mse 2.7090  val RMSE 3.210 um  (G01 1.790)  13.9s
epoch  22/120  loss 3.5873  mse 2.7245  val RMSE 3.765 um  (G01 2.303)  14.0s
epoch  23/120  loss 3.4184  mse 2.5472  val RMSE 3.389 um  (G01 1.794)  14.1s
epoch  24/120  loss 3.9319  mse 3.0326  val RMSE 3.159 um  (G01 2.058)  14.0s
epoch  25/120  loss 3.5168  mse 2.6359  val RMSE 3.639 um  (G01 2.316)  14.0s
epoch  26/120  loss 3.3676  mse 2.4920  val RMSE 3.291 um  (G01 2.171)  14.1s
epoch  27/120  loss 3.3113  mse 2.4368  val RMSE 3.151 um  (G01 1.685)  14.1s
epoch  28/120  loss 3.3404  mse 2.4610  val RMSE 4.091 um  (G01 2.730)  13.9s
epoch  29/120  loss 3.3483  mse 2.4899  val RMSE 3.381 um  (G01 2.342)  14.0s
epoch  30/120  loss 3.5636  mse 2.6812  val RMSE 3.280 um  (G01 2.188)  14.1s
epoch  31/120  loss 3.0336  mse 2.1641  val RMSE 2.908 um  (G01 1.504)  14.1s
epoch  32/120  loss 3.5499  mse 2.6605  val RMSE 3.098 um  (G01 1.738)  13.9s
epoch  33/120  loss 3.3051  mse 2.4243  val RMSE 2.846 um  (G01 1.496)  14.0s
epoch  34/120  loss 3.7486  mse 2.8431  val RMSE 3.593 um  (G01 2.222)  14.0s
epoch  35/120  loss 4.6985  mse 3.7793  val RMSE 3.069 um  (G01 1.865)  13.8s
epoch  36/120  loss 4.1384  mse 3.2295  val RMSE 3.295 um  (G01 2.038)  14.0s
epoch  37/120  loss 3.3182  mse 2.4288  val RMSE 3.008 um  (G01 1.818)  13.9s
epoch  38/120  loss 3.2654  mse 2.3555  val RMSE 4.247 um  (G01 2.696)  14.0s
epoch  39/120  loss 3.4025  mse 2.5058  val RMSE 2.871 um  (G01 1.490)  14.0s
epoch  40/120  loss 3.0641  mse 2.1935  val RMSE 3.054 um  (G01 1.441)  14.0s
epoch  41/120  loss 2.6965  mse 1.8297  val RMSE 2.937 um  (G01 1.172)  14.0s
epoch  42/120  loss 3.0042  mse 2.1032  val RMSE 3.041 um  (G01 1.577)  13.9s
epoch  43/120  loss 3.0230  mse 2.1401  val RMSE 3.122 um  (G01 1.521)  14.1s
epoch  44/120  loss 3.0445  mse 2.1271  val RMSE 3.246 um  (G01 1.476)  13.8s
epoch  45/120  loss 2.9255  mse 2.0288  val RMSE 3.396 um  (G01 2.112)  14.0s
epoch  46/120  loss 3.0507  mse 2.1564  val RMSE 3.333 um  (G01 1.993)  13.9s
epoch  47/120  loss 2.5358  mse 1.6663  val RMSE 3.602 um  (G01 2.451)  13.9s
epoch  48/120  loss 2.8994  mse 2.0153  val RMSE 2.589 um  (G01 1.170)  14.0s
epoch  49/120  loss 2.9374  mse 2.0580  val RMSE 2.904 um  (G01 1.522)  14.0s
epoch  50/120  loss 2.8696  mse 1.9932  val RMSE 2.817 um  (G01 1.285)  14.0s
epoch  51/120  loss 2.6371  mse 1.7400  val RMSE 3.722 um  (G01 2.069)  14.1s
epoch  52/120  loss 2.6758  mse 1.7740  val RMSE 3.796 um  (G01 1.871)  13.9s
epoch  53/120  loss 3.1766  mse 2.2422  val RMSE 2.998 um  (G01 1.404)  13.9s
epoch  54/120  loss 3.0370  mse 2.0837  val RMSE 2.985 um  (G01 1.584)  14.0s
epoch  55/120  loss 2.8401  mse 1.9198  val RMSE 3.039 um  (G01 1.891)  14.0s
epoch  56/120  loss 2.7239  mse 1.8446  val RMSE 3.124 um  (G01 1.374)  13.9s
epoch  57/120  loss 2.5078  mse 1.6271  val RMSE 2.845 um  (G01 1.425)  13.8s
epoch  58/120  loss 2.3690  mse 1.4671  val RMSE 2.919 um  (G01 1.473)  14.1s
epoch  59/120  loss 2.8490  mse 1.9134  val RMSE 3.007 um  (G01 1.582)  13.9s
epoch  60/120  loss 2.7326  mse 1.8083  val RMSE 3.016 um  (G01 1.344)  13.9s
epoch  61/120  loss 2.8125  mse 1.8976  val RMSE 3.645 um  (G01 2.169)  13.9s
epoch  62/120  loss 2.1775  mse 1.2804  val RMSE 2.587 um  (G01 0.997)  14.0s
epoch  63/120  loss 2.0862  mse 1.1809  val RMSE 3.386 um  (G01 1.692)  13.9s
epoch  64/120  loss 6.1569  mse 5.1150  val RMSE 3.565 um  (G01 2.031)  13.8s
epoch  65/120  loss 5.4380  mse 4.3915  val RMSE 2.936 um  (G01 1.227)  13.9s
epoch  66/120  loss 2.6015  mse 1.6614  val RMSE 3.490 um  (G01 1.987)  13.9s
epoch  67/120  loss 2.2199  mse 1.3017  val RMSE 3.328 um  (G01 1.671)  13.9s
epoch  68/120  loss 2.0562  mse 1.1663  val RMSE 2.763 um  (G01 1.302)  13.9s
epoch  69/120  loss 2.0815  mse 1.1795  val RMSE 2.607 um  (G01 0.967)  14.0s
epoch  70/120  loss 1.8172  mse 0.9527  val RMSE 2.866 um  (G01 0.953)  13.9s
epoch  71/120  loss 1.7444  mse 0.8516  val RMSE 3.037 um  (G01 1.311)  13.9s
epoch  72/120  loss 3.1418  mse 2.1275  val RMSE 3.170 um  (G01 1.181)  13.9s
epoch  73/120  loss 2.3363  mse 1.3978  val RMSE 2.805 um  (G01 1.064)  13.8s
epoch  74/120  loss 2.2170  mse 1.2676  val RMSE 4.052 um  (G01 2.478)  14.0s
epoch  75/120  loss 2.7386  mse 1.7747  val RMSE 2.450 um  (G01 0.993)  13.9s
epoch  76/120  loss 1.7570  mse 0.8720  val RMSE 2.552 um  (G01 1.042)  13.9s
epoch  77/120  loss 2.0012  mse 1.0787  val RMSE 2.578 um  (G01 0.920)  13.9s
epoch  78/120  loss 1.9970  mse 1.0647  val RMSE 2.892 um  (G01 1.079)  14.0s
epoch  79/120  loss 1.5611  mse 0.7043  val RMSE 2.832 um  (G01 0.990)  13.9s
epoch  80/120  loss 1.4269  mse 0.5521  val RMSE 2.677 um  (G01 0.898)  13.9s
epoch  81/120  loss 1.4541  mse 0.6014  val RMSE 2.657 um  (G01 0.829)  13.8s
epoch  82/120  loss 1.3531  mse 0.5032  val RMSE 2.948 um  (G01 1.365)  14.0s
epoch  83/120  loss 1.5949  mse 0.6642  val RMSE 2.521 um  (G01 0.664)  13.9s
epoch  84/120  loss 1.4252  mse 0.5115  val RMSE 2.432 um  (G01 0.742)  13.8s
epoch  85/120  loss 1.3688  mse 0.5167  val RMSE 2.390 um  (G01 0.843)  14.0s
epoch  86/120  loss 1.4585  mse 0.5618  val RMSE 2.438 um  (G01 0.790)  13.8s
epoch  87/120  loss 1.2853  mse 0.4148  val RMSE 2.474 um  (G01 0.699)  14.0s
epoch  88/120  loss 1.3708  mse 0.4848  val RMSE 2.489 um  (G01 0.723)  13.9s
epoch  89/120  loss 1.3820  mse 0.4955  val RMSE 2.660 um  (G01 1.070)  14.0s
epoch  90/120  loss 1.2565  mse 0.4144  val RMSE 2.474 um  (G01 0.634)  13.9s
epoch  91/120  loss 1.2296  mse 0.3620  val RMSE 2.416 um  (G01 0.716)  14.0s
epoch  92/120  loss 1.3273  mse 0.4311  val RMSE 2.471 um  (G01 0.749)  13.9s
epoch  93/120  loss 1.5113  mse 0.5598  val RMSE 2.424 um  (G01 0.649)  14.0s
epoch  94/120  loss 1.6131  mse 0.6210  val RMSE 2.474 um  (G01 1.013)  14.1s
epoch  95/120  loss 1.6885  mse 0.7051  val RMSE 2.396 um  (G01 0.760)  13.9s
epoch  96/120  loss 1.5977  mse 0.6001  val RMSE 2.359 um  (G01 0.663)  13.7s
epoch  97/120  loss 1.6133  mse 0.6164  val RMSE 2.425 um  (G01 0.778)  14.0s
epoch  98/120  loss 1.7113  mse 0.7101  val RMSE 2.367 um  (G01 0.829)  13.9s
epoch  99/120  loss 1.6310  mse 0.6019  val RMSE 2.559 um  (G01 0.948)  13.9s
epoch 100/120  loss 1.4868  mse 0.5069  val RMSE 2.549 um  (G01 0.939)  13.9s
epoch 101/120  loss 1.3805  mse 0.4174  val RMSE 2.332 um  (G01 0.622)  13.9s
epoch 102/120  loss 1.2711  mse 0.3314  val RMSE 2.365 um  (G01 0.655)  13.8s
epoch 103/120  loss 1.2640  mse 0.3229  val RMSE 2.409 um  (G01 0.652)  13.8s
epoch 104/120  loss 1.1867  mse 0.2621  val RMSE 2.455 um  (G01 0.802)  14.0s
epoch 105/120  loss 1.2127  mse 0.2808  val RMSE 2.379 um  (G01 0.630)  13.8s
epoch 106/120  loss 1.1775  mse 0.2637  val RMSE 2.361 um  (G01 0.573)  13.9s
epoch 107/120  loss 1.1487  mse 0.2335  val RMSE 2.335 um  (G01 0.534)  13.9s
epoch 108/120  loss 1.1282  mse 0.2154  val RMSE 2.378 um  (G01 0.533)  13.8s
epoch 109/120  loss 1.1578  mse 0.2288  val RMSE 2.343 um  (G01 0.543)  13.8s
epoch 110/120  loss 1.1320  mse 0.1862  val RMSE 2.344 um  (G01 0.544)  13.8s
epoch 111/120  loss 1.1409  mse 0.2108  val RMSE 2.359 um  (G01 0.535)  14.0s
epoch 112/120  loss 1.1368  mse 0.2007  val RMSE 2.343 um  (G01 0.519)  13.9s
epoch 113/120  loss 1.1020  mse 0.1797  val RMSE 2.345 um  (G01 0.530)  13.9s
epoch 114/120  loss 1.1547  mse 0.2235  val RMSE 2.350 um  (G01 0.526)  13.8s
epoch 115/120  loss 1.1082  mse 0.1682  val RMSE 2.344 um  (G01 0.526)  13.8s
epoch 116/120  loss 1.1081  mse 0.1686  val RMSE 2.338 um  (G01 0.525)  13.9s
epoch 117/120  loss 1.1460  mse 0.1949  val RMSE 2.337 um  (G01 0.524)  13.9s
epoch 118/120  loss 1.1338  mse 0.2047  val RMSE 2.342 um  (G01 0.526)  14.0s
epoch 119/120  loss 1.1001  mse 0.1732  val RMSE 2.339 um  (G01 0.522)  13.9s
epoch 120/120  loss 1.1194  mse 0.1940  val RMSE 2.341 um  (G01 0.520)  14.0s
