
=== tcn_all ===
model: 193,050 parameters | RF 1021 samples (510.5 ms) | device cuda
structure checks: zero-input output = 0.000e+00 (must be 0), future leak = 0.000e+00 (must be 0)
best.pt selected on: val_rmse_g01_um
epoch   1/120  loss 621.6131  mse 619.5795  val RMSE 12.472 um  (G01 11.323)  26.1s
epoch   2/120  loss 161.9160  mse 160.6910  val RMSE 11.053 um  (G01 9.791)  25.9s
epoch   3/120  loss 97.0872  mse 95.8329  val RMSE 9.303 um  (G01 7.576)  26.2s
epoch   4/120  loss 64.6779  mse 63.5791  val RMSE 6.853 um  (G01 5.445)  25.9s
epoch   5/120  loss 37.6007  mse 36.6270  val RMSE 5.257 um  (G01 4.745)  26.1s
epoch   6/120  loss 34.6375  mse 33.3358  val RMSE 4.999 um  (G01 4.572)  26.0s
epoch   7/120  loss 26.9540  mse 25.8539  val RMSE 4.886 um  (G01 4.468)  25.8s
epoch   8/120  loss 28.5661  mse 27.4554  val RMSE 4.066 um  (G01 3.740)  25.9s
epoch   9/120  loss 13.4189  mse 12.4385  val RMSE 3.252 um  (G01 3.002)  26.0s
epoch  10/120  loss 8.9834  mse 8.1703  val RMSE 3.082 um  (G01 2.792)  26.2s
epoch  11/120  loss 7.5237  mse 6.5844  val RMSE 3.356 um  (G01 2.535)  25.9s
epoch  12/120  loss 6.1493  mse 5.3218  val RMSE 3.017 um  (G01 2.235)  26.0s
epoch  13/120  loss 6.4061  mse 5.5261  val RMSE 2.527 um  (G01 1.998)  25.9s
epoch  14/120  loss 5.5172  mse 4.7113  val RMSE 3.254 um  (G01 2.344)  26.0s
epoch  15/120  loss 4.9982  mse 4.1976  val RMSE 2.409 um  (G01 1.934)  26.2s
epoch  16/120  loss 5.6495  mse 4.8615  val RMSE 2.550 um  (G01 2.112)  26.0s
epoch  17/120  loss 5.4471  mse 4.6799  val RMSE 3.163 um  (G01 2.303)  26.0s
epoch  18/120  loss 5.0795  mse 4.3070  val RMSE 1.951 um  (G01 1.658)  26.1s
epoch  19/120  loss 5.3491  mse 4.5072  val RMSE 2.430 um  (G01 1.945)  26.0s
epoch  20/120  loss 5.2032  mse 4.4058  val RMSE 2.395 um  (G01 1.972)  25.9s
epoch  21/120  loss 4.5079  mse 3.7325  val RMSE 2.523 um  (G01 2.082)  26.0s
epoch  22/120  loss 5.4169  mse 4.6544  val RMSE 2.155 um  (G01 1.734)  25.9s
epoch  23/120  loss 4.5215  mse 3.7505  val RMSE 2.010 um  (G01 1.640)  26.0s
epoch  24/120  loss 4.4720  mse 3.6687  val RMSE 2.037 um  (G01 1.736)  25.9s
epoch  25/120  loss 4.5527  mse 3.7260  val RMSE 1.865 um  (G01 1.587)  25.9s
epoch  26/120  loss 3.9445  mse 3.2180  val RMSE 2.041 um  (G01 1.735)  26.2s
epoch  27/120  loss 3.9048  mse 3.0677  val RMSE 2.368 um  (G01 2.132)  26.1s
epoch  28/120  loss 4.9169  mse 4.1848  val RMSE 2.217 um  (G01 1.935)  26.0s
epoch  29/120  loss 4.1596  mse 3.3961  val RMSE 1.913 um  (G01 1.685)  26.1s
epoch  30/120  loss 4.0306  mse 3.2752  val RMSE 2.096 um  (G01 1.831)  26.0s
epoch  31/120  loss 4.1766  mse 3.4063  val RMSE 2.229 um  (G01 1.618)  26.2s
epoch  32/120  loss 3.9339  mse 3.2029  val RMSE 1.982 um  (G01 1.682)  26.0s
epoch  33/120  loss 4.1198  mse 3.3719  val RMSE 2.377 um  (G01 2.134)  26.1s
epoch  34/120  loss 4.0602  mse 3.2227  val RMSE 1.627 um  (G01 1.374)  25.9s
epoch  35/120  loss 3.6679  mse 2.9550  val RMSE 2.228 um  (G01 1.954)  25.7s
epoch  36/120  loss 3.9417  mse 3.1575  val RMSE 2.452 um  (G01 2.264)  25.8s
epoch  37/120  loss 3.3761  mse 2.6372  val RMSE 2.525 um  (G01 1.750)  25.8s
epoch  38/120  loss 4.8575  mse 4.0865  val RMSE 1.478 um  (G01 1.251)  25.9s
epoch  39/120  loss 2.5098  mse 1.7841  val RMSE 2.028 um  (G01 1.495)  25.8s
epoch  40/120  loss 3.6502  mse 2.9151  val RMSE 2.061 um  (G01 1.614)  26.0s
epoch  41/120  loss 3.6787  mse 2.9510  val RMSE 1.766 um  (G01 1.452)  25.9s
epoch  42/120  loss 3.8155  mse 3.0436  val RMSE 1.740 um  (G01 1.494)  25.7s
epoch  43/120  loss 3.7811  mse 2.9538  val RMSE 1.958 um  (G01 1.681)  25.9s
epoch  44/120  loss 4.4685  mse 3.6890  val RMSE 1.551 um  (G01 1.404)  25.7s
epoch  45/120  loss 3.5676  mse 2.8319  val RMSE 1.990 um  (G01 1.548)  25.9s
epoch  46/120  loss 3.3694  mse 2.5862  val RMSE 2.125 um  (G01 1.527)  25.8s
epoch  47/120  loss 3.4834  mse 2.7257  val RMSE 2.890 um  (G01 2.248)  25.8s
epoch  48/120  loss 3.3783  mse 2.6281  val RMSE 2.115 um  (G01 1.750)  26.0s
epoch  49/120  loss 3.5864  mse 2.8488  val RMSE 1.839 um  (G01 1.587)  25.9s
epoch  50/120  loss 3.2457  mse 2.4641  val RMSE 2.331 um  (G01 1.603)  25.7s
epoch  51/120  loss 4.0414  mse 3.2473  val RMSE 1.525 um  (G01 1.334)  25.8s
epoch  52/120  loss 2.9196  mse 2.1548  val RMSE 2.037 um  (G01 1.604)  25.7s
epoch  53/120  loss 2.7974  mse 2.0625  val RMSE 1.921 um  (G01 1.370)  25.7s
epoch  54/120  loss 2.8629  mse 2.0927  val RMSE 1.403 um  (G01 1.182)  25.7s
epoch  55/120  loss 2.6898  mse 1.8960  val RMSE 1.878 um  (G01 1.512)  25.8s
epoch  56/120  loss 2.8116  mse 2.0522  val RMSE 1.978 um  (G01 1.688)  25.8s
epoch  57/120  loss 3.6353  mse 2.8357  val RMSE 1.620 um  (G01 1.420)  25.6s
epoch  58/120  loss 3.7715  mse 2.8771  val RMSE 1.798 um  (G01 1.417)  25.8s
epoch  59/120  loss 3.0883  mse 2.3381  val RMSE 1.474 um  (G01 1.242)  25.7s
epoch  60/120  loss 2.6810  mse 1.9618  val RMSE 1.564 um  (G01 1.254)  25.7s
epoch  61/120  loss 2.4979  mse 1.7234  val RMSE 1.576 um  (G01 1.437)  25.7s
epoch  62/120  loss 2.1562  mse 1.3937  val RMSE 2.082 um  (G01 1.671)  25.8s
epoch  63/120  loss 2.7585  mse 2.0047  val RMSE 1.381 um  (G01 1.139)  25.7s
epoch  64/120  loss 2.1440  mse 1.4263  val RMSE 1.478 um  (G01 1.231)  25.6s
epoch  65/120  loss 2.0093  mse 1.2801  val RMSE 1.551 um  (G01 1.294)  25.7s
epoch  66/120  loss 1.8912  mse 1.1731  val RMSE 1.491 um  (G01 1.178)  25.7s
epoch  67/120  loss 1.8162  mse 1.0821  val RMSE 2.110 um  (G01 1.781)  25.7s
epoch  68/120  loss 2.5269  mse 1.7534  val RMSE 1.352 um  (G01 1.226)  25.8s
epoch  69/120  loss 2.3000  mse 1.5311  val RMSE 1.241 um  (G01 1.100)  25.8s
epoch  70/120  loss 1.7056  mse 0.9856  val RMSE 1.491 um  (G01 1.294)  25.7s
epoch  71/120  loss 2.0420  mse 1.2738  val RMSE 1.251 um  (G01 1.166)  25.7s
epoch  72/120  loss 1.7526  mse 1.0080  val RMSE 1.160 um  (G01 1.054)  25.7s
epoch  73/120  loss 1.7533  mse 1.0161  val RMSE 1.516 um  (G01 1.180)  25.5s
epoch  74/120  loss 1.5025  mse 0.7627  val RMSE 1.533 um  (G01 1.207)  25.8s
epoch  75/120  loss 1.6799  mse 0.9075  val RMSE 1.277 um  (G01 1.151)  25.7s
epoch  76/120  loss 1.6787  mse 0.9231  val RMSE 1.538 um  (G01 1.155)  25.7s
epoch  77/120  loss 1.7355  mse 0.9678  val RMSE 1.261 um  (G01 1.088)  25.8s
epoch  78/120  loss 1.8834  mse 1.1036  val RMSE 1.394 um  (G01 1.230)  25.8s
epoch  79/120  loss 2.2759  mse 1.4423  val RMSE 1.237 um  (G01 1.080)  25.7s
epoch  80/120  loss 1.9767  mse 1.1871  val RMSE 1.379 um  (G01 1.147)  25.7s
epoch  81/120  loss 1.5671  mse 0.7973  val RMSE 1.155 um  (G01 0.985)  25.6s
epoch  82/120  loss 1.6315  mse 0.8264  val RMSE 2.688 um  (G01 2.112)  25.8s
epoch  83/120  loss 1.7970  mse 0.9652  val RMSE 1.208 um  (G01 1.047)  25.7s
epoch  84/120  loss 1.5902  mse 0.8036  val RMSE 1.437 um  (G01 1.061)  25.6s
epoch  85/120  loss 1.4404  mse 0.6911  val RMSE 1.147 um  (G01 1.074)  25.8s
epoch  86/120  loss 1.5434  mse 0.7965  val RMSE 1.056 um  (G01 1.007)  25.6s
epoch  87/120  loss 1.2474  mse 0.5514  val RMSE 1.050 um  (G01 0.986)  25.8s
epoch  88/120  loss 1.2395  mse 0.5281  val RMSE 1.003 um  (G01 0.907)  25.8s
epoch  89/120  loss 1.4380  mse 0.7109  val RMSE 1.209 um  (G01 0.894)  26.1s
epoch  90/120  loss 1.1598  mse 0.4363  val RMSE 1.035 um  (G01 0.948)  25.8s
epoch  91/120  loss 1.2237  mse 0.4748  val RMSE 1.120 um  (G01 0.937)  25.8s
epoch  92/120  loss 1.5760  mse 0.8202  val RMSE 0.979 um  (G01 0.903)  25.9s
epoch  93/120  loss 1.6461  mse 0.9184  val RMSE 0.957 um  (G01 0.907)  25.8s
epoch  94/120  loss 1.0001  mse 0.3092  val RMSE 0.993 um  (G01 0.947)  26.0s
epoch  95/120  loss 1.0132  mse 0.3225  val RMSE 0.967 um  (G01 0.904)  25.8s
epoch  96/120  loss 1.0794  mse 0.3681  val RMSE 0.931 um  (G01 0.905)  25.5s
epoch  97/120  loss 0.9156  mse 0.2376  val RMSE 0.956 um  (G01 0.899)  25.9s
epoch  98/120  loss 1.0144  mse 0.3040  val RMSE 0.994 um  (G01 0.903)  25.8s
epoch  99/120  loss 1.3384  mse 0.6106  val RMSE 0.947 um  (G01 0.872)  25.9s
epoch 100/120  loss 1.0228  mse 0.2785  val RMSE 0.961 um  (G01 0.887)  25.8s
epoch 101/120  loss 1.0421  mse 0.2999  val RMSE 0.888 um  (G01 0.858)  25.9s
epoch 102/120  loss 0.9972  mse 0.2529  val RMSE 0.898 um  (G01 0.867)  25.8s
epoch 103/120  loss 0.9704  mse 0.2472  val RMSE 0.893 um  (G01 0.869)  25.8s
epoch 104/120  loss 0.9011  mse 0.2103  val RMSE 0.928 um  (G01 0.874)  25.8s
epoch 105/120  loss 0.9210  mse 0.2267  val RMSE 0.884 um  (G01 0.864)  25.7s
epoch 106/120  loss 1.3426  mse 0.5938  val RMSE 0.888 um  (G01 0.866)  25.7s
epoch 107/120  loss 0.9020  mse 0.2101  val RMSE 0.891 um  (G01 0.877)  25.8s
epoch 108/120  loss 0.8698  mse 0.1827  val RMSE 0.878 um  (G01 0.860)  25.8s
epoch 109/120  loss 0.9962  mse 0.2919  val RMSE 0.895 um  (G01 0.870)  25.8s
epoch 110/120  loss 0.8453  mse 0.1676  val RMSE 0.875 um  (G01 0.865)  25.9s
epoch 111/120  loss 0.8869  mse 0.2100  val RMSE 0.869 um  (G01 0.863)  25.8s
epoch 112/120  loss 0.8457  mse 0.1671  val RMSE 0.876 um  (G01 0.863)  25.7s
epoch 113/120  loss 0.8383  mse 0.1660  val RMSE 0.865 um  (G01 0.860)  25.7s
epoch 114/120  loss 0.8671  mse 0.1802  val RMSE 0.867 um  (G01 0.859)  25.6s
epoch 115/120  loss 0.8843  mse 0.1786  val RMSE 0.861 um  (G01 0.855)  25.8s
epoch 116/120  loss 0.9315  mse 0.2361  val RMSE 0.863 um  (G01 0.857)  25.7s
epoch 117/120  loss 0.8523  mse 0.1795  val RMSE 0.861 um  (G01 0.857)  25.7s
epoch 118/120  loss 1.0202  mse 0.3252  val RMSE 0.860 um  (G01 0.856)  25.8s
epoch 119/120  loss 0.9083  mse 0.2210  val RMSE 0.859 um  (G01 0.856)  25.8s
epoch 120/120  loss 0.9509  mse 0.2596  val RMSE 0.859 um  (G01 0.856)  26.0s
